{ S: 'externalization ok' }
Sat, 29 Aug 2015 20:56:00 GMT
