{one: 1, three: 3, two: 2}
{4: four, 5: five, 6: six}
